[B][UEFI_BOOT_START] efi_main entry
[B][INIT_LIB_OK]
[B][JUMP_FUNC_ENTER]
[B][MEMMAP] status=0x0000000000000000
[B][JUMP_FUNC_ENTER]
[B][GOP] status=0x0000000000000000
[B][CONNECT_DEVICE] status=0x800000000000000E
[B][FS_FALLBACK_START]
[B][FS_LOCATEHB] status=0x0000000000000000
[B][BLK_LOCATEHB] status=0x0000000000000000
[B][FS_HANDLECOUNT_NONZERO]
[B][FS_FALLBACK_OK]
[B][KERNEL_OPEN_OK]
[B][ELF_HDR_READ_OK]
[B][ELF_MAGIC_OK]
[B][ELF_E_ENTRY]=0xFFFFFFFF80000000
[B][ELF_PH_OFF]=0x0000000000000040
[B][ELF_PH_NUM]=0x0000000000000009
[B][ELF_PH_ENT]=0x0000000000000038
[B][PH_READ_OK]
[B][PH0_TYPE]=0x0000000000000001
[B][PH0_OFF]=0x0000000000001000
[B][PH0_VADDR]=0xFFFFFFFF80000000
[B][PH0_PADDR]=0x0000000000100000
[B][PH0_FILESZ]=0x000000000000079B
[B][PH0_MEMSZ]=0x000000000000079B
[B][PH0_ALIGN]=0x0000000000001000
[B][PH0_FLAGS]=0x0000000000000005
[B][PH_LOAD_COUNT]=0x0000000000000008
[B][KSEG_VBASE]=0xFFFFFFFF80000000
[B][KSEG_SIZE]=0x00000000000EC000
[B][KSEG_PAGES]=0x00000000000000EC
[B][KSEG_MIN_OFF]=0x0000000000001000
[B][KSEG_PHYS]=0x0000000005D2D000
[B][KSEG_PHYS_MAP]=0x0000000005D2D000
[B][KSEG_LOAD_OK]
[B][ELF_LOAD] status=0x0000000000000000
[B][KERNEL_ELF_LOADED]
[B][PHDR_LOAD_BASE]=0x0000000005D2D000
[B][PHDR_MIN_VA]=0xFFFFFFFF80000000
[B][PHDR_COUNT]=0x0000000000000008
[B][PHDR0_VA]=0xFFFFFFFF80000000
[B][PHDR0_PA]=0x0000000005D2D000
[B][MAP_ENTRY_PA]=0x0000000005D2D000
[B][MAP_ENTRY_PTE]=0x0000000005D2D103
[B][PHDR0_PTE]=0x0000000005D2D103
[B][PAGING] status=0x0000000000000000
[B][LOADED_IMAGE] status=0x0000000000000000
[B][IMG_BASE]=0x0000000000100000
[B][IMG_SIZE]=0x000000000000A000
[B][PE_SIZEOFIMAGE]=0x000000000000A000
[B][IMG_EFF_SIZE]=0x000000000000A000
[B][IMG_MAP_START]=0x0000000000100000
[B][IMG_MAP_SIZE]=0x000000000000A000
[B][MAP_IMG] status=0x0000000000000000
[B][JUMP_FUNC_ENTER]
[B][MEMMAP_FINAL] status=0x0000000000000000
[B][ABOUT_TO_JUMP_KERNEL]
[B][BOOTINFO_PHYS]=0x0000000005786000
[B][JUMP_FUNC_ENTER]
[B][STACK_PHYS]=0x0000000005745000
[B][STACK_PAGES]=0x0000000000000020
[B][EBS_PRE_MEMMAP]
[B][EBS_MEMMAP_RET] status=0x8000000000000005
[B][EBS_MAP_REALLOC] status=0x0000000000000000
[B][EBS_PRE_MEMMAP]
[B][EBS_MEMMAP_RET] status=0x0000000000000000
[B][EBS_CALL]
[B][EBS_RET] status=0x0000000000000000
[B][STACK_TOP]=0x0000000005765000
[B][CR3_SET]
[B][JUMP_NOW]
[B][JUMP_ENTRY]=0xFFFFFFFF80000000
[B][JUMP_BOOT]=0x0000000005786000
[B][JUMP_CR3]=0x0000000005F87000
[B][PML4_PHYS]=0x0000000005F87000
[B][STACK_TOUCH]=0x0000000005764FF8
[B][ENTRY]=0xFFFFFFFF80000000
[B][PTW][STACK] VA=0x0000000005764FF8
[B][PTW][PML4E] idx=0x0000000000000000 val=0x0000000005F67003 P=1
[B][PTW][PDPTE] idx=0x0000000000000000 val=0x0000000005F66003 P=1
[B][PTW][PDE]  idx=0x000000000000002B val=0x0000000005F3A003 P=1
[B][PTW][PTE]  idx=0x0000000000000164 val=0x0000000005764103 P=1
[B][PTW][ENTRY] VA=0xFFFFFFFF80000000
[B][PTW][PML4E] idx=0x00000000000001FF val=0x0000000005B8D003 P=1
[B][PTW][PDPTE] idx=0x00000000000001FE val=0x0000000005B8C003 P=1
[B][PTW][PDE]  idx=0x0000000000000000 val=0x0000000005B8B003 P=1
[B][PTW][PTE]  idx=0x0000000000000000 val=0x0000000005D2D103 P=1
[B][ENTRY_BYTES] PA=0x0000000005D2D000 bytes=488D25F94F09004883E4F0E870B50100
[B][ENTRY_BYTES+1P] PA=0x0000000005D2E000 bytes=0F22D948CFCCCCCCCCCCCCCCCCCCCCCC
[B][WRAP_ENTRY]=0xFFFFFFFF80000000
[B][BOOT_KENTRY]=0xFFFFFFFF80000000
[B][OFF_KENTRY]=0x0000000000000060
[B][OFF_PML4]=0x0000000000000068
[B][WRAP_BOOT]=0x0000000005786000
[B][WRAP_STK]=0x0000000005765000
[B][WRAP_CR3]=0x0000000005F87000
[B][CALL_ENTRY]=0xFFFFFFFF80000000
[B][CALL_BOOT]=0x0000000005786000
[B][CALL_STK]=0x0000000005765000
[B][CALL_CR3]=0x0000000005F87000
ApqiggggIB[[AYKEN_BOOT_OK]]
[[AYKEN_PERF_PHASE]] name=boot_start ticks=27593486700 tick_valid=2
[K][EARLY_BOOT_OK] kmain entry
LTR=0028
[K][BEFORE_FB]
[K][AFTER_FB]
[MARKER] [MARKER] [MARKER] [K][EARLY_INIT_BEGIN]
1[K][E1] CPU/GDT/IDT
LTR=0028
LTR=0028
[K][E2] PHYS_MEM
[MARKER] [MARKER] [MARKER] 00000000000047A8[MARKER] [MARKER] 0000000000004708[MARKER] [MARKER] [K][E3] PAGING
P[MARKER] 12[MARKER] [MARKER] 0000000005F87000[MARKER] 34[MARKER] [K][E4] KHEAP
h[MARKER] m[MARKER] [MARKER] [MARKER] [MARKER] FFFFFFFF82000000[MARKER] [MARKER] 0000000005F87000[MARKER] [MARKER] 0000000005F87000[MARKER] [MARKER] 0000000005B8D023[MARKER] [MARKER] 0000000005B8C023[MARKER] [MARKER] 0000000005B89003[MARKER] [MARKER] 0000000005B8A103[MARKER] [MARKER] [MARKER] [MARKER] [MARKER] FFFFFFFF82000000[MARKER] [MARKER] 0000000005F87000[MARKER] [MARKER] 0000000005F87000[MARKER] [MARKER] 0000000005B8D023[MARKER] [MARKER] 0000000005B8C023[MARKER] [MARKER] 0000000005B89003[MARKER] [MARKER] 0000000005B8A103[MARKER] MaAbBH[MARKER] [MARKER] FFFFFFFF82000000[MARKER] [MARKER] 00000000003FFFE8[MARKER] [K][E5] EARLY_DONE
[K][EARLY_INIT_DONE]
[MARKER] [MARKER] [MARKER] [K][LATE_INIT_BEGIN]
[MARKER] [K][LATE]0 BOOT_VALIDATION
[MARKER] ELF
[MARKER] [MARKER] [MARKER] [MARKER] [MARKER] [MARKER] [MARKER] [MARKER] [MARKER] ELFE
[MARKER] [K][LATE]1 PIC
[K][LATE]2 TIMER
[TMR][UNMSK][IRQ0_ON][TMR_OK]P10_TICK
[[AYKEN_TICK]]
[MARKER] [K][LATE]3 SCHED_INIT
[K][LATE]4 PROC_INIT
[MARKER] [MARKER] [K][LATE]4.5 EXEC_SLOT
[MARKER] [K][LATE]5 DEVFS
[MARKER] [MARKER] [MARKER] [K][LATE]6 SYSCALL
[MARKER] [MARKER] [MARKER] FFFFFFFF8000061E[MARKER] [MARKER] [MARKER] 0000000000000008[MARKER] [MARKER] 00000000000000EE[MARKER] [MARKER] FFFFFFFF8000061E[MARKER] [MARKER] [MARKER] [K][LATE]6.1 INT80_SMOKETEST_DISABLED
[MARKER] [K][LATE]7 CAP
[MARKER] [MARKER] [K][LATE]8 PROC_CREATE_INIT
[MARKER] 1[MARKER] [MARKER] FFFFFFFF80000410[MARKER] [MARKER] FFFFFFFF82002E28[MARKER] [MARKER] 0000000000000008[MARKER] QPID:1
R[MARKER] [MARKER] [MARKER] [MARKER] [MARKER] [MARKER] [MARKER] [MARKER] [MARKER] [MARKER] [MARKER] [MARKER] [MARKER] [MARKER] [MARKER] [MARKER] [MARKER] [K][LATE]9 DONE
[MARKER] [K][LATE_INIT_END]
[[AYKEN_BOOT_OK]]
P10_TSS_OK
[MARKER] [K][PHASE10] KERNEL_BEFORE_RING3
[MARKER] P10_EMBED_HASH_OK
UCCH OK=1 R=00000000047A7000 V=FFFFFFFF80001003 4T=00000000047A7000 4A=00000000047A7FF8 4E=00000000047A6023 3T=00000000047A6000 3A=00000000047A6FF0 3E=00000000047A5023 2T=00000000047A5000 2A=00000000047A5000 2E=00000000047A4023 1T=00000000047A4000 1A=00000000047A4008 1E=0000000005D2E103 FPA=0000000005D2E003
CCS OK=1 V=FFFFFFFF80001003 4P=1 4W=1 4U=0 4N=0 4G=0 4H=0 4A=1 4D=0 4R=0 4X=1 4L=0 3P=1 3W=1 3U=0 3N=0 3G=0 3H=0 3A=1 3D=0 3R=0 3X=1 3L=0 2P=1 2W=1 2U=0 2N=0 2G=0 2H=0 2A=1 2D=0 2R=0 2X=1 2L=0 1P=1 1W=1 1U=0 1N=0 1G=1 1H=0 1A=0 1D=0 1R=0 1X=1 1L=1 FPA=0000000005D2E003
[PTE] code VA=0000000000400000 PTE=00000000047A1007 P=1 U=1 W=1 NX=0 PA=00000000047A1000
P10_ROOT_FRAME_WITNESS phase=load root=00000000047A7000 pte=0000000000000000 phys=00000000047A7000 used=1 lo=00000000047A0007 hi=0000000000000000 hash=04EA898686E1E2CF
P10_TEXT_FRAME_WITNESS phase=load root=00000000047A7000 pte=00000000047A1007 phys=00000000047A1000 used=1 lo=4800700000C3C748 hi=8948C0FF4808438B hash=3B68EAFA86874C6F
Kernel stack (RSP0) mapping:
[PTE] rsp0-8 VA=FFFFFFFF82005C58 PTE=0000000005B84103 P=1 U=0 W=1 NX=0 PA=0000000005B84000
[PTE] rsp0_page VA=FFFFFFFF82004C60 PTE=0000000005B85163 P=1 U=0 W=1 NX=0 PA=0000000005B85000
[[AYKEN_LOW_HALF_KHEAP_RUNTIME]] phase=create seq=1 pid=2 pml4=0x00000000047A7000 kheap_start=0xFFFFFFFF82000000 kernel_virt_base=0xFFFFFFFF80000000 pte=0x0000000005B8A163 present=1 user=0 writable=1 nx=0 kheap_low_half=0 kernel_higher_half=1 scaffold=0 lower_half_roots=1 lower_half_leaves=10 lower_half_user_leaves=10
P10_ROOT_FRAME_WITNESS phase=ready root=00000000047A7000 pte=0000000000000000 phys=00000000047A7000 used=1 lo=00000000047A0007 hi=0000000000000000 hash=04EA898686E1E2CF
P10_TEXT_FRAME_WITNESS phase=ready root=00000000047A7000 pte=00000000047A1007 phys=00000000047A1000 used=1 lo=4800700000C3C748 hi=8948C0FF4808438B hash=3B68EAFA86874C6F
[MARKER] [MARKER] 00000000047A7000[MARKER] [MARKER] 00000000047A7000[MARKER] QPID:2
RE[[AYKEN_RING3_PREP_OK]]
P10_SCHED_ARMED
[MARKER] [K][LATE_INIT_RETURN]
[MARKER] [MARKER] [[AYKEN_PERF_PHASE]] name=core_ready ticks=27702425616 tick_valid=2
[MARKER] [K][BOOT_OK] Phase 4.4 minimal boot reached
AAA[K][ABOUT_TO_SCHED]
BBB[[AYKEN_PERF_PHASE]] name=first_sched_activity ticks=27703116036 tick_valid=2
[K][CFG] user_minimal_mode=syscall-v2-runtime bootstrap_policy=1 mb_selftest=0 deterministic_exit=1
S12[Q]2
34P10_BOOTSTRAP_POLICY_ACTIVE
[SEL]PID=1 ST=0 RIP=@82000018 0410 FULL=80000410
FTR0=0000000000000000 T0=FFFFFFFF80099000
TR=0028
@[[AYKEN_CTX_SWITCH]]
P10_SCHED_DISPATCH
tJI[MARKER] [MARKER] [[AYKEN_PERF_MB_PHASE]] name=arbiter_enter ticks=27707740890 tick_valid=2
[[AYKEN_PERF_MB_PHASE]] name=arbiter_owner_lookup_enter ticks=27708151770 tick_valid=2
[[AYKEN_PERF_MB_PHASE]] name=arbiter_owner_lookup_exit ticks=27708556424 tick_valid=2
[[AYKEN_PERF_MB_PHASE]] name=extract_enter ticks=27709027660 tick_valid=2
[[AYKEN_PERF_MB_PHASE]] name=snapshot_enter ticks=27709306634 tick_valid=2
[[AYKEN_PERF_MB_PHASE]] name=snapshot_exit ticks=27709655146 tick_valid=2
[[AYKEN_PERF_MB_EXTRACT_RAW]] epoch=1 candidate_pid=2 owner_last_epoch=0 ticks=27709929478 tick_valid=2
[[AYKEN_PERF_MB_EXTRACT_REASON]] name=ok ticks=27710576896 tick_valid=2
[[AYKEN_PERF_MB_PHASE]] name=extract_exit ticks=27710871044 tick_valid=2
[[AYKEN_PERF_MB_PHASE]] name=arbiter_decision_enter ticks=27711105552 tick_valid=2
[[AYKEN_PERF_MB_PHASE]] name=arbiter_candidate_lookup_enter ticks=27711432594 tick_valid=2
[[AYKEN_PERF_MB_PHASE]] name=arbiter_candidate_lookup_exit ticks=27711708514 tick_valid=2
[[AYKEN_PERF_MB_VISIBLE]] name=visible pid=2 ticks=27711974298 tick_valid=2
[[AYKEN_PERF_MB_PATH]] name=switch phase=enter ticks=27712375746 tick_valid=2
[[AYKEN_PERF_MB_CONSUME]] site=BLOCK old_last_epoch=0 new_last_epoch=1 candidate_epoch=1 reason=scheduler_switch_consume ticks=27712983232 tick_valid=2
[[AYKEN_PERF_MB_PHASE]] name=arbiter_decision_path_switch ticks=27713597652 tick_valid=2
[[AYKEN_PERF_MB_PHASE]] name=arbiter_candidate_accept_switch ticks=27713810144 tick_valid=2
[[AYKEN_PERF_MB_PATH]] name=switch phase=exit ticks=27714060210 tick_valid=2
[[AYKEN_PERF_MB_PHASE]] name=arbiter_decision_exit ticks=27714421748 tick_valid=2
[[AYKEN_PERF_MB_PHASE]] name=arbiter_exit ticks=27714630938 tick_valid=2
[[AYKEN_PERF_MB_PHASE]] name=handoff_enter ticks=27715017288 tick_valid=2
[[AYKEN_PERF_MB_PHASE]] name=handoff_exit ticks=27715221186 tick_valid=2
P10_MAILBOX_DECISION id=1 pid=2 valid=1 src=2
P10_RING3_PRECONDITION_WARN reason=transition_text_active_root_writable pid=2
P10_RING3_PRECONDITION_WARN reason=transition_text_high_half_writable pid=2
P10_DECISION_APPLIED id=1 pid=2 valid=0 src=2
[[AYKEN_PERF_PHASE]] name=first_user_entry ticks=27719885832 tick_valid=2
P10_RING3_ENTRY_GUARD_ARM
P10_TEXT_ROOT_PROOF AC=0000000005F87000 KC=0000000005F87000 TC=00000000047A7000 RC=00000000047A7000 RIP=0000000000400000 AP=0000000000400103 TP=00000000047A1007
P10_ROOT_FRAME_WITNESS phase=pre_dispatch root=00000000047A7000 pte=0000000000000000 phys=00000000047A7000 used=1 lo=00000000047A0007 hi=0000000000000000 hash=04EA898686E1E2CF
P10_TEXT_FRAME_WITNESS phase=pre_dispatch root=00000000047A7000 pte=00000000047A1007 phys=00000000047A1000 used=1 lo=4800700000C3C748 hi=8948C0FF4808438B hash=3B68EAFA86874C6F
WTX4 R=00000000047A7000 V=0000000000400000 I=0000000000000000 TP=00000000047A7000 EP=00000000047A7000 E=00000000047A0007 CF=00000000047A0000 4P=1 4W=1 4U=1 4N=0 4G=0 4H=0 4A=0 4D=0 4R=0 4X=1 4L=0
WTX3 R=00000000047A7000 V=0000000000400000 I=0000000000000000 TP=00000000047A0000 EP=00000000047A0000 E=000000000479F007 CF=000000000479F000 3P=1 3W=1 3U=1 3N=0 3G=0 3H=0 3A=0 3D=0 3R=0 3X=1 3L=0
WTX2 R=00000000047A7000 V=0000000000400000 I=0000000000000002 TP=000000000479F000 EP=000000000479F000 E=000000000479E007 CF=000000000479E000 2P=1 2W=1 2U=1 2N=0 2G=0 2H=0 2A=0 2D=0 2R=0 2X=1 2L=0
WTX1 R=00000000047A7000 V=0000000000400000 I=0000000000000000 TP=000000000479E000 EP=000000000479E000 E=00000000047A1007 CF=00000000047A1000 1P=1 1W=1 1U=1 1N=0 1G=0 1H=0 1A=0 1D=0 1R=0 1X=1 1L=1
WTXP V=0000000000400000 EQ=0 KE=0000000000400103 KF=0000000000400000 KP=1 KW=1 KU=0 KN=0 KG=1 KH=0 KA=0 KD=0 KR=0 KX=1 KL=1 TE=00000000047A1007 TF=00000000047A1000 TP=1 TW=1 TU=1 TN=0 TG=0 TH=0 TA=0 TD=0 TR=0 TX=1 TL=1
P10_RING3_ATTEMPT
P10_RFLAGS_IF_ON
P10_RING3_FRAME_PROOF FRSP=FFFFFFFF82005C38 RIP=0000000000400000 CS=0000000000000023 RF=0000000000000202 RSP=00000000007FFFF8 SS=000000000000001B BYTES=000040000000000023000000000000000202000000000000F8FF7F00000000001B00000000000000
P10_RING3_GATE_PROOF TR=0028 CTX0=FFFFFFFF82005C60 TSS0=FFFFFFFF82005C60 FCS=0000000000000023 FSS=000000000000001B IDTB=FFFFFFFF800E9FC0 IDTL=0000000000000FFF GPSEL=0008 GPIST=0000000000000000 GPTA=000000000000008F GPOFF=FFFFFFFF80016EF0 PFSEL=0008 PFIST=0000000000000000 PFTA=000000000000008F PFOFF=FFFFFFFF80016FA0
P10_RING3_COMMIT
P10_CR3_SWITCH
P10_RING3_ENTER
T[[AYKEN_LOW_HALF_KHEAP_RUNTIME]] phase=timer_irq seq=2 pid=2 pml4=0x00000000047A7000 kheap_start=0xFFFFFFFF82000000 kernel_virt_base=0xFFFFFFFF80000000 pte=0x0000000005B8A163 present=1 user=0 writable=1 nx=0 kheap_low_half=0 kernel_higher_half=1 scaffold=0 lower_half_roots=1 lower_half_leaves=10 lower_half_user_leaves=10
[[AYKEN_PERF_MB_PHASE]] name=validate_enter ticks=27735840402 tick_valid=2
[[AYKEN_PERF_MB_PHASE]] name=validate_exit ticks=27736905142 tick_valid=2
P10_IRQ_SNAPSHOT_OK rip=0000000000400000 rsp=00000000007FFFF8 cs=0023
P10_SCHED_EVENT_NOTIFY
P10_RING3_ENTRY_GUARD_DEFER_IRQ
P10_RING3_ENTRY_GUARD_DISARM
[[AYKEN_PERF_PHASE]] name=first_syscall_gate_entry ticks=27738771360 tick_valid=2
[[AYKEN_LOW_HALF_KHEAP_RUNTIME]] phase=syscall_entry seq=3 pid=2 pml4=0x00000000047A7000 kheap_start=0xFFFFFFFF82000000 kernel_virt_base=0xFFFFFFFF80000000 pte=0x0000000005B8A163 present=1 user=0 writable=1 nx=0 kheap_low_half=0 kernel_higher_half=1 scaffold=0 lower_half_roots=1 lower_half_leaves=10 lower_half_user_leaves=10
[[AYKEN_PERF_PHASE]] name=first_syscall_entry ticks=27740144892 tick_valid=2
[[AYKEN_SYSCALL_ENTER]]
P10_SYSCALL_ENTER
[[AYKEN_PERF_PHASE]] name=first_syscall_exit ticks=27741043870 tick_valid=2
[[AYKEN_SYSCALL_RETURN]]
P10_SYSCALL_RETURN
[[AYKEN_PERF_PHASE]] name=first_syscall_gate_return ticks=27741372362 tick_valid=2
T[[AYKEN_PERF_MB_CONSUME]] site=timer_validate_irq old_last_epoch=1 new_last_epoch=3 candidate_epoch=3 reason=timer_validate_accept_consume ticks=27742242450 tick_valid=2
[[AYKEN_SCHED_MB_ACCEPT]] pid=2 epoch=3
rY[IRQ][SCH]
P12[[AYKEN_PERF_MB_EXTRACT_RAW]] epoch=3 candidate_pid=2 owner_last_epoch=3 ticks=27745241178 tick_valid=2
[[AYKEN_PERF_MB_EXTRACT_REASON]] name=epoch_stale ticks=27745789568 tick_valid=2
P10_MAILBOX_MISS_KEEP_RUNNING
[[AYKEN_PERF_MB_PATH]] name=fallback phase=enter ticks=27746597334 tick_valid=2
[[AYKEN_PERF_MB_PHASE]] name=arbiter_decision_path_fallback ticks=27746937520 tick_valid=2
[[AYKEN_PERF_MB_PHASE]] name=arbiter_keep_running_fallback ticks=27747161378 tick_valid=2
[[AYKEN_PERF_MB_PATH]] name=fallback phase=exit ticks=27747380592 tick_valid=2
[[AYKEN_PERF_MB_REASON]] name=no_candidate ticks=27747679576 tick_valid=2
N12
P10_IRQ_SCHED_DECISION prev=2 next=2 used_mailbox=0 keep_running=1
MARK:PID=2
MARK:SW=U>U
MARK:IRET
P10_IRQ_CANONICAL_RETURN
P10_TEXT_ROOT_PROOF AC=00000000047A7000 KC=0000000005F87000 TC=00000000047A7000 RC=00000000047A7000 RIP=0000000000400037 AP=0000000000400103 TP=00000000047A1027
P10_ROOT_FRAME_WITNESS phase=pre_dispatch root=00000000047A7000 pte=0000000000000000 phys=00000000047A7000 used=1 lo=00000000047A0027 hi=0000000000000000 hash=6B7F8C95757869EF
P10_TEXT_FRAME_WITNESS phase=pre_dispatch root=00000000047A7000 pte=00000000047A1027 phys=00000000047A1000 used=1 lo=4800700000C3C748 hi=8948C0FF4808438B hash=3B68EAFA86874C6F
WTX4 R=00000000047A7000 V=0000000000400037 I=0000000000000000 TP=00000000047A7000 EP=00000000047A7000 E=00000000047A0027 CF=00000000047A0000 4P=1 4W=1 4U=1 4N=0 4G=0 4H=0 4A=1 4D=0 4R=0 4X=1 4L=0
WTX3 R=00000000047A7000 V=0000000000400037 I=0000000000000000 TP=00000000047A0000 EP=00000000047A0000 E=000000000479F027 CF=000000000479F000 3P=1 3W=1 3U=1 3N=0 3G=0 3H=0 3A=1 3D=0 3R=0 3X=1 3L=0
WTX2 R=00000000047A7000 V=0000000000400037 I=0000000000000002 TP=000000000479F000 EP=000000000479F000 E=000000000479E027 CF=000000000479E000 2P=1 2W=1 2U=1 2N=0 2G=0 2H=0 2A=1 2D=0 2R=0 2X=1 2L=0
WTX1 R=00000000047A7000 V=0000000000400037 I=0000000000000000 TP=000000000479E000 EP=000000000479E000 E=00000000047A1027 CF=00000000047A1000 1P=1 1W=1 1U=1 1N=0 1G=0 1H=0 1A=1 1D=0 1R=0 1X=1 1L=1
WTXP V=0000000000400037 EQ=0 KE=0000000000400103 KF=0000000000400000 KP=1 KW=1 KU=0 KN=0 KG=1 KH=0 KA=0 KD=0 KR=0 KX=1 KL=1 TE=00000000047A1027 TF=00000000047A1000 TP=1 TW=1 TU=1 TN=0 TG=0 TH=0 TA=1 TD=0 TR=0 TX=1 TL=1
P10_RING3_ATTEMPT
P10_RFLAGS_IF_ON
P10_RING3_FRAME_PROOF FRSP=FFFFFFFF82005C38 RIP=0000000000400037 CS=0000000000000023 RF=0000000000000246 RSP=00000000007FFFB8 SS=000000000000001B BYTES=370040000000000023000000000000004602000000000000B8FF7F00000000001B00000000000000
P10_RING3_GATE_PROOF TR=0028 CTX0=FFFFFFFF82005C60 TSS0=FFFFFFFF82005C60 FCS=0000000000000023 FSS=000000000000001B IDTB=FFFFFFFF800E9FC0 IDTL=0000000000000FFF GPSEL=0008 GPIST=0000000000000000 GPTA=000000000000008F GPOFF=FFFFFFFF80016EF0 PFSEL=0008 PFIST=0000000000000000 PFTA=000000000000008F PFOFF=FFFFFFFF80016FA0
P10_RING3_COMMIT
P10_CR3_SWITCH
P10_RING3_ENTER
rY[IRQ][SCH]
P12[[AYKEN_PERF_MB_EXTRACT_RAW]] epoch=3 candidate_pid=2 owner_last_epoch=3 ticks=27761783260 tick_valid=2
[[AYKEN_PERF_MB_EXTRACT_REASON]] name=epoch_stale ticks=27762006866 tick_valid=2
[[AYKEN_PERF_MB_PATH]] name=fallback phase=enter ticks=27762180820 tick_valid=2
[[AYKEN_PERF_MB_PATH]] name=fallback phase=exit ticks=27762350690 tick_valid=2
[[AYKEN_PERF_MB_REASON]] name=no_candidate ticks=27762513904 tick_valid=2
N12
MARK:PID=2
MARK:SW=U>U
MARK:IRET
P10_TEXT_ROOT_PROOF AC=00000000047A7000 KC=0000000005F87000 TC=00000000047A7000 RC=00000000047A7000 RIP=0000000000400037 AP=0000000000400103 TP=00000000047A1027
P10_ROOT_FRAME_WITNESS phase=pre_dispatch root=00000000047A7000 pte=0000000000000000 phys=00000000047A7000 used=1 lo=00000000047A0027 hi=0000000000000000 hash=6B7F8C95757869EF
P10_TEXT_FRAME_WITNESS phase=pre_dispatch root=00000000047A7000 pte=00000000047A1027 phys=00000000047A1000 used=1 lo=4800700000C3C748 hi=8948C0FF4808438B hash=3B68EAFA86874C6F
WTX4 R=00000000047A7000 V=0000000000400037 I=0000000000000000 TP=00000000047A7000 EP=00000000047A7000 E=00000000047A0027 CF=00000000047A0000 4P=1 4W=1 4U=1 4N=0 4G=0 4H=0 4A=1 4D=0 4R=0 4X=1 4L=0
WTX3 R=00000000047A7000 V=0000000000400037 I=0000000000000000 TP=00000000047A0000 EP=00000000047A0000 E=000000000479F027 CF=000000000479F000 3P=1 3W=1 3U=1 3N=0 3G=0 3H=0 3A=1 3D=0 3R=0 3X=1 3L=0
WTX2 R=00000000047A7000 V=0000000000400037 I=0000000000000002 TP=000000000479F000 EP=000000000479F000 E=000000000479E027 CF=000000000479E000 2P=1 2W=1 2U=1 2N=0 2G=0 2H=0 2A=1 2D=0 2R=0 2X=1 2L=0
WTX1 R=00000000047A7000 V=0000000000400037 I=0000000000000000 TP=000000000479E000 EP=000000000479E000 E=00000000047A1027 CF=00000000047A1000 1P=1 1W=1 1U=1 1N=0 1G=0 1H=0 1A=1 1D=0 1R=0 1X=1 1L=1
WTXP V=0000000000400037 EQ=0 KE=0000000000400103 KF=0000000000400000 KP=1 KW=1 KU=0 KN=0 KG=1 KH=0 KA=0 KD=0 KR=0 KX=1 KL=1 TE=00000000047A1027 TF=00000000047A1000 TP=1 TW=1 TU=1 TN=0 TG=0 TH=0 TA=1 TD=0 TR=0 TX=1 TL=1
P10_RING3_ATTEMPT
P10_RFLAGS_IF_ON
P10_RING3_FRAME_PROOF FRSP=FFFFFFFF82005C38 RIP=0000000000400037 CS=0000000000000023 RF=0000000000000246 RSP=00000000007FFFB8 SS=000000000000001B BYTES=370040000000000023000000000000004602000000000000B8FF7F00000000001B00000000000000
P10_RING3_GATE_PROOF TR=0028 CTX0=FFFFFFFF82005C60 TSS0=FFFFFFFF82005C60 FCS=0000000000000023 FSS=000000000000001B IDTB=FFFFFFFF800E9FC0 IDTL=0000000000000FFF GPSEL=0008 GPIST=0000000000000000 GPTA=000000000000008F GPOFF=FFFFFFFF80016EF0 PFSEL=0008 PFIST=0000000000000000 PFTA=000000000000008F PFOFF=FFFFFFFF80016FA0
P10_RING3_COMMIT
P10_CR3_SWITCH
P10_RING3_ENTER
TrY[IRQ][SCH]
P12[[AYKEN_PERF_MB_EXTRACT_RAW]] epoch=3 candidate_pid=2 owner_last_epoch=3 ticks=27768183048 tick_valid=2
[[AYKEN_PERF_MB_EXTRACT_REASON]] name=epoch_stale ticks=27768405066 tick_valid=2
[[AYKEN_PERF_MB_PATH]] name=fallback phase=enter ticks=27768576724 tick_valid=2
[[AYKEN_PERF_MB_PATH]] name=fallback phase=exit ticks=27768815614 tick_valid=2
[[AYKEN_PERF_MB_REASON]] name=no_candidate ticks=27768977872 tick_valid=2
N12
MARK:PID=2
MARK:SW=U>U
MARK:IRET
P10_TEXT_ROOT_PROOF AC=00000000047A7000 KC=0000000005F87000 TC=00000000047A7000 RC=00000000047A7000 RIP=0000000000400037 AP=0000000000400103 TP=00000000047A1027
P10_ROOT_FRAME_WITNESS phase=pre_dispatch root=00000000047A7000 pte=0000000000000000 phys=00000000047A7000 used=1 lo=00000000047A0027 hi=0000000000000000 hash=6B7F8C95757869EF
P10_TEXT_FRAME_WITNESS phase=pre_dispatch root=00000000047A7000 pte=00000000047A1027 phys=00000000047A1000 used=1 lo=4800700000C3C748 hi=8948C0FF4808438B hash=3B68EAFA86874C6F
WTX4 R=00000000047A7000 V=0000000000400037 I=0000000000000000 TP=00000000047A7000 EP=00000000047A7000 E=00000000047A0027 CF=00000000047A0000 4P=1 4W=1 4U=1 4N=0 4G=0 4H=0 4A=1 4D=0 4R=0 4X=1 4L=0
WTX3 R=00000000047A7000 V=0000000000400037 I=0000000000000000 TP=00000000047A0000 EP=00000000047A0000 E=000000000479F027 CF=000000000479F000 3P=1 3W=1 3U=1 3N=0 3G=0 3H=0 3A=1 3D=0 3R=0 3X=1 3L=0
WTX2 R=00000000047A7000 V=0000000000400037 I=0000000000000002 TP=000000000479F000 EP=000000000479F000 E=000000000479E027 CF=000000000479E000 2P=1 2W=1 2U=1 2N=0 2G=0 2H=0 2A=1 2D=0 2R=0 2X=1 2L=0
WTX1 R=00000000047A7000 V=0000000000400037 I=0000000000000000 TP=000000000479E000 EP=000000000479E000 E=00000000047A1027 CF=00000000047A1000 1P=1 1W=1 1U=1 1N=0 1G=0 1H=0 1A=1 1D=0 1R=0 1X=1 1L=1
WTXP V=0000000000400037 EQ=0 KE=0000000000400103 KF=0000000000400000 KP=1 KW=1 KU=0 KN=0 KG=1 KH=0 KA=0 KD=0 KR=0 KX=1 KL=1 TE=00000000047A1027 TF=00000000047A1000 TP=1 TW=1 TU=1 TN=0 TG=0 TH=0 TA=1 TD=0 TR=0 TX=1 TL=1
P10_RING3_ATTEMPT
P10_RFLAGS_IF_ON
P10_RING3_FRAME_PROOF FRSP=FFFFFFFF82005C38 RIP=0000000000400037 CS=0000000000000023 RF=0000000000000246 RSP=00000000007FFFB8 SS=000000000000001B BYTES=370040000000000023000000000000004602000000000000B8FF7F00000000001B00000000000000
P10_RING3_GATE_PROOF TR=0028 CTX0=FFFFFFFF82005C60 TSS0=FFFFFFFF82005C60 FCS=0000000000000023 FSS=000000000000001B IDTB=FFFFFFFF800E9FC0 IDTL=0000000000000FFF GPSEL=0008 GPIST=0000000000000000 GPTA=000000000000008F GPOFF=FFFFFFFF80016EF0 PFSEL=0008 PFIST=0000000000000000 PFTA=000000000000008F PFOFF=FFFFFFFF80016FA0
P10_RING3_COMMIT
P10_CR3_SWITCH
P10_RING3_ENTER
rY[IRQ][SCH]
P12[[AYKEN_PERF_MB_EXTRACT_RAW]] epoch=3 candidate_pid=2 owner_last_epoch=3 ticks=27774542178 tick_valid=2
[[AYKEN_PERF_MB_EXTRACT_REASON]] name=epoch_stale ticks=27774763040 tick_valid=2
[[AYKEN_PERF_MB_PATH]] name=fallback phase=enter ticks=27774934296 tick_valid=2
[[AYKEN_PERF_MB_PATH]] name=fallback phase=exit ticks=27775102364 tick_valid=2
[[AYKEN_PERF_MB_REASON]] name=no_candidate ticks=27775265390 tick_valid=2
N12
MARK:PID=2
MARK:SW=U>U
MARK:IRET
P10_TEXT_ROOT_PROOF AC=00000000047A7000 KC=0000000005F87000 TC=00000000047A7000 RC=00000000047A7000 RIP=0000000000400037 AP=0000000000400103 TP=00000000047A1027
P10_ROOT_FRAME_WITNESS phase=pre_dispatch root=00000000047A7000 pte=0000000000000000 phys=00000000047A7000 used=1 lo=00000000047A0027 hi=0000000000000000 hash=6B7F8C95757869EF
P10_TEXT_FRAME_WITNESS phase=pre_dispatch root=00000000047A7000 pte=00000000047A1027 phys=00000000047A1000 used=1 lo=4800700000C3C748 hi=8948C0FF4808438B hash=3B68EAFA86874C6F
WTX4 R=00000000047A7000 V=0000000000400037 I=0000000000000000 TP=00000000047A7000 EP=00000000047A7000 E=00000000047A0027 CF=00000000047A0000 4P=1 4W=1 4U=1 4N=0 4G=0 4H=0 4A=1 4D=0 4R=0 4X=1 4L=0
WTX3 R=00000000047A7000 V=0000000000400037 I=0000000000000000 TP=00000000047A0000 EP=00000000047A0000 E=000000000479F027 CF=000000000479F000 3P=1 3W=1 3U=1 3N=0 3G=0 3H=0 3A=1 3D=0 3R=0 3X=1 3L=0
WTX2 R=00000000047A7000 V=0000000000400037 I=0000000000000002 TP=000000000479F000 EP=000000000479F000 E=000000000479E027 CF=000000000479E000 2P=1 2W=1 2U=1 2N=0 2G=0 2H=0 2A=1 2D=0 2R=0 2X=1 2L=0
WTX1 R=00000000047A7000 V=0000000000400037 I=0000000000000000 TP=000000000479E000 EP=000000000479E000 E=00000000047A1027 CF=00000000047A1000 1P=1 1W=1 1U=1 1N=0 1G=0 1H=0 1A=1 1D=0 1R=0 1X=1 1L=1
WTXP V=0000000000400037 EQ=0 KE=0000000000400103 KF=0000000000400000 KP=1 KW=1 KU=0 KN=0 KG=1 KH=0 KA=0 KD=0 KR=0 KX=1 KL=1 TE=00000000047A1027 TF=00000000047A1000 TP=1 TW=1 TU=1 TN=0 TG=0 TH=0 TA=1 TD=0 TR=0 TX=1 TL=1
P10_RING3_ATTEMPT
P10_RFLAGS_IF_ON
P10_RING3_FRAME_PROOF FRSP=FFFFFFFF82005C38 RIP=0000000000400037 CS=0000000000000023 RF=0000000000000246 RSP=00000000007FFFB8 SS=000000000000001B BYTES=370040000000000023000000000000004602000000000000B8FF7F00000000001B00000000000000
P10_RING3_GATE_PROOF TR=0028 CTX0=FFFFFFFF82005C60 TSS0=FFFFFFFF82005C60 FCS=0000000000000023 FSS=000000000000001B IDTB=FFFFFFFF800E9FC0 IDTL=0000000000000FFF GPSEL=0008 GPIST=0000000000000000 GPTA=000000000000008F GPOFF=FFFFFFFF80016EF0 PFSEL=0008 PFIST=0000000000000000 PFTA=000000000000008F PFOFF=FFFFFFFF80016FA0
P10_RING3_COMMIT
P10_CR3_SWITCH
P10_RING3_ENTER
TrY[IRQ][SCH]
P12[[AYKEN_PERF_MB_EXTRACT_RAW]] epoch=3 candidate_pid=2 owner_last_epoch=3 ticks=27780917978 tick_valid=2
[[AYKEN_PERF_MB_EXTRACT_REASON]] name=epoch_stale ticks=27781164144 tick_valid=2
[[AYKEN_PERF_MB_PATH]] name=fallback phase=enter ticks=27781488040 tick_valid=2
[[AYKEN_PERF_MB_PATH]] name=fallback phase=exit ticks=27781656566 tick_valid=2
[[AYKEN_PERF_MB_REASON]] name=no_candidate ticks=27781819932 tick_valid=2
N12
MARK:PID=2
MARK:SW=U>U
MARK:IRET
P10_TEXT_ROOT_PROOF AC=00000000047A7000 KC=0000000005F87000 TC=00000000047A7000 RC=00000000047A7000 RIP=0000000000400037 AP=0000000000400103 TP=00000000047A1027
P10_ROOT_FRAME_WITNESS phase=pre_dispatch root=00000000047A7000 pte=0000000000000000 phys=00000000047A7000 used=1 lo=00000000047A0027 hi=0000000000000000 hash=6B7F8C95757869EF
P10_TEXT_FRAME_WITNESS phase=pre_dispatch root=00000000047A7000 pte=00000000047A1027 phys=00000000047A1000 used=1 lo=4800700000C3C748 hi=8948C0FF4808438B hash=3B68EAFA86874C6F
WTX4 R=00000000047A7000 V=0000000000400037 I=0000000000000000 TP=00000000047A7000 EP=00000000047A7000 E=00000000047A0027 CF=00000000047A0000 4P=1 4W=1 4U=1 4N=0 4G=0 4H=0 4A=1 4D=0 4R=0 4X=1 4L=0
WTX3 R=00000000047A7000 V=0000000000400037 I=0000000000000000 TP=00000000047A0000 EP=00000000047A0000 E=000000000479F027 CF=000000000479F000 3P=1 3W=1 3U=1 3N=0 3G=0 3H=0 3A=1 3D=0 3R=0 3X=1 3L=0
WTX2 R=00000000047A7000 V=0000000000400037 I=0000000000000002 TP=000000000479F000 EP=000000000479F000 E=000000000479E027 CF=000000000479E000 2P=1 2W=1 2U=1 2N=0 2G=0 2H=0 2A=1 2D=0 2R=0 2X=1 2L=0
WTX1 R=00000000047A7000 V=0000000000400037 I=0000000000000000 TP=000000000479E000 EP=000000000479E000 E=00000000047A1027 CF=00000000047A1000 1P=1 1W=1 1U=1 1N=0 1G=0 1H=0 1A=1 1D=0 1R=0 1X=1 1L=1
WTXP V=0000000000400037 EQ=0 KE=0000000000400103 KF=0000000000400000 KP=1 KW=1 KU=0 KN=0 KG=1 KH=0 KA=0 KD=0 KR=0 KX=1 KL=1 TE=00000000047A1027 TF=00000000047A1000 TP=1 TW=1 TU=1 TN=0 TG=0 TH=0 TA=1 TD=0 TR=0 TX=1 TL=1
P10_RING3_ATTEMPT
P10_RFLAGS_IF_ON
P10_RING3_FRAME_PROOF FRSP=FFFFFFFF82005C38 RIP=0000000000400037 CS=0000000000000023 RF=0000000000000246 RSP=00000000007FFFB8 SS=000000000000001B BYTES=370040000000000023000000000000004602000000000000B8FF7F00000000001B00000000000000
P10_RING3_GATE_PROOF TR=0028 CTX0=FFFFFFFF82005C60 TSS0=FFFFFFFF82005C60 FCS=0000000000000023 FSS=000000000000001B IDTB=FFFFFFFF800E9FC0 IDTL=0000000000000FFF GPSEL=0008 GPIST=0000000000000000 GPTA=000000000000008F GPOFF=FFFFFFFF80016EF0 PFSEL=0008 PFIST=0000000000000000 PFTA=000000000000008F PFOFF=FFFFFFFF80016FA0
P10_RING3_COMMIT
P10_CR3_SWITCH
P10_RING3_ENTER
rY[IRQ][SCH]
P12[[AYKEN_PERF_MB_EXTRACT_RAW]] epoch=3 candidate_pid=2 owner_last_epoch=3 ticks=27787546908 tick_valid=2
[[AYKEN_PERF_MB_EXTRACT_REASON]] name=epoch_stale ticks=27787767576 tick_valid=2
[[AYKEN_PERF_MB_PATH]] name=fallback phase=enter ticks=27787939080 tick_valid=2
[[AYKEN_PERF_MB_PATH]] name=fallback phase=exit ticks=27788107150 tick_valid=2
[[AYKEN_PERF_MB_REASON]] name=no_candidate ticks=27788320000 tick_valid=2
N12
MARK:PID=2
MARK:SW=U>U
MARK:IRET
P10_TEXT_ROOT_PROOF AC=00000000047A7000 KC=0000000005F87000 TC=00000000047A7000 RC=00000000047A7000 RIP=0000000000400037 AP=0000000000400103 TP=00000000047A1027
P10_ROOT_FRAME_WITNESS phase=pre_dispatch root=00000000047A7000 pte=0000000000000000 phys=00000000047A7000 used=1 lo=00000000047A0027 hi=0000000000000000 hash=6B7F8C95757869EF
P10_TEXT_FRAME_WITNESS phase=pre_dispatch root=00000000047A7000 pte=00000000047A1027 phys=00000000047A1000 used=1 lo=4800700000C3C748 hi=8948C0FF4808438B hash=3B68EAFA86874C6F
WTX4 R=00000000047A7000 V=0000000000400037 I=0000000000000000 TP=00000000047A7000 EP=00000000047A7000 E=00000000047A0027 CF=00000000047A0000 4P=1 4W=1 4U=1 4N=0 4G=0 4H=0 4A=1 4D=0 4R=0 4X=1 4L=0
WTX3 R=00000000047A7000 V=0000000000400037 I=0000000000000000 TP=00000000047A0000 EP=00000000047A0000 E=000000000479F027 CF=000000000479F000 3P=1 3W=1 3U=1 3N=0 3G=0 3H=0 3A=1 3D=0 3R=0 3X=1 3L=0
WTX2 R=00000000047A7000 V=0000000000400037 I=0000000000000002 TP=000000000479F000 EP=000000000479F000 E=000000000479E027 CF=000000000479E000 2P=1 2W=1 2U=1 2N=0 2G=0 2H=0 2A=1 2D=0 2R=0 2X=1 2L=0
WTX1 R=00000000047A7000 V=0000000000400037 I=0000000000000000 TP=000000000479E000 EP=000000000479E000 E=00000000047A1027 CF=00000000047A1000 1P=1 1W=1 1U=1 1N=0 1G=0 1H=0 1A=1 1D=0 1R=0 1X=1 1L=1
WTXP V=0000000000400037 EQ=0 KE=0000000000400103 KF=0000000000400000 KP=1 KW=1 KU=0 KN=0 KG=1 KH=0 KA=0 KD=0 KR=0 KX=1 KL=1 TE=00000000047A1027 TF=00000000047A1000 TP=1 TW=1 TU=1 TN=0 TG=0 TH=0 TA=1 TD=0 TR=0 TX=1 TL=1
P10_RING3_ATTEMPT
P10_RFLAGS_IF_ON
P10_RING3_FRAME_PROOF FRSP=FFFFFFFF82005C38 RIP=0000000000400037 CS=0000000000000023 RF=0000000000000246 RSP=00000000007FFFB8 SS=000000000000001B BYTES=370040000000000023000000000000004602000000000000B8FF7F00000000001B00000000000000
P10_RING3_GATE_PROOF TR=0028 CTX0=FFFFFFFF82005C60 TSS0=FFFFFFFF82005C60 FCS=0000000000000023 FSS=000000000000001B IDTB=FFFFFFFF800E9FC0 IDTL=0000000000000FFF GPSEL=0008 GPIST=0000000000000000 GPTA=000000000000008F GPOFF=FFFFFFFF80016EF0 PFSEL=0008 PFIST=0000000000000000 PFTA=000000000000008F PFOFF=FFFFFFFF80016FA0
P10_RING3_COMMIT
P10_CR3_SWITCH
P10_RING3_ENTER
[[AYKEN_TICK]]
TrY[IRQ][SCH]
P12[[AYKEN_PERF_MB_EXTRACT_RAW]] epoch=3 candidate_pid=2 owner_last_epoch=3 ticks=27794163472 tick_valid=2
[[AYKEN_PERF_MB_EXTRACT_REASON]] name=epoch_stale ticks=27794385128 tick_valid=2
[[AYKEN_PERF_MB_PATH]] name=fallback phase=enter ticks=27794556446 tick_valid=2
[[AYKEN_PERF_MB_PATH]] name=fallback phase=exit ticks=27794724352 tick_valid=2
[[AYKEN_PERF_MB_REASON]] name=no_candidate ticks=27794886720 tick_valid=2
N12
MARK:PID=2
MARK:SW=U>U
MARK:IRET
P10_TEXT_ROOT_PROOF AC=00000000047A7000 KC=0000000005F87000 TC=00000000047A7000 RC=00000000047A7000 RIP=0000000000400037 AP=0000000000400103 TP=00000000047A1027
P10_ROOT_FRAME_WITNESS phase=pre_dispatch root=00000000047A7000 pte=0000000000000000 phys=00000000047A7000 used=1 lo=00000000047A0027 hi=0000000000000000 hash=6B7F8C95757869EF
P10_TEXT_FRAME_WITNESS phase=pre_dispatch root=00000000047A7000 pte=00000000047A1027 phys=00000000047A1000 used=1 lo=4800700000C3C748 hi=8948C0FF4808438B hash=3B68EAFA86874C6F
WTX4 R=00000000047A7000 V=0000000000400037 I=0000000000000000 TP=00000000047A7000 EP=00000000047A7000 E=00000000047A0027 CF=00000000047A0000 4P=1 4W=1 4U=1 4N=0 4G=0 4H=0 4A=1 4D=0 4R=0 4X=1 4L=0
WTX3 R=00000000047A7000 V=0000000000400037 I=0000000000000000 TP=00000000047A0000 EP=00000000047A0000 E=000000000479F027 CF=000000000479F000 3P=1 3W=1 3U=1 3N=0 3G=0 3H=0 3A=1 3D=0 3R=0 3X=1 3L=0
WTX2 R=00000000047A7000 V=0000000000400037 I=0000000000000002 TP=000000000479F000 EP=000000000479F000 E=000000000479E027 CF=000000000479E000 2P=1 2W=1 2U=1 2N=0 2G=0 2H=0 2A=1 2D=0 2R=0 2X=1 2L=0
WTX1 R=00000000047A7000 V=0000000000400037 I=0000000000000000 TP=000000000479E000 EP=000000000479E000 E=00000000047A1027 CF=00000000047A1000 1P=1 1W=1 1U=1 1N=0 1G=0 1H=0 1A=1 1D=0 1R=0 1X=1 1L=1
WTXP V=0000000000400037 EQ=0 KE=0000000000400103 KF=0000000000400000 KP=1 KW=1 KU=0 KN=0 KG=1 KH=0 KA=0 KD=0 KR=0 KX=1 KL=1 TE=00000000047A1027 TF=00000000047A1000 TP=1 TW=1 TU=1 TN=0 TG=0 TH=0 TA=1 TD=0 TR=0 TX=1 TL=1
P10_RING3_ATTEMPT
P10_RFLAGS_IF_ON
P10_RING3_FRAME_PROOF FRSP=FFFFFFFF82005C38 RIP=0000000000400037 CS=0000000000000023 RF=0000000000000246 RSP=00000000007FFFB8 SS=000000000000001B BYTES=370040000000000023000000000000004602000000000000B8FF7F00000000001B00000000000000
P10_RING3_GATE_PROOF TR=0028 CTX0=FFFFFFFF82005C60 TSS0=FFFFFFFF82005C60 FCS=0000000000000023 FSS=000000000000001B IDTB=FFFFFFFF800E9FC0 IDTL=0000000000000FFF GPSEL=0008 GPIST=0000000000000000 GPTA=000000000000008F GPOFF=FFFFFFFF80016EF0 PFSEL=0008 PFIST=0000000000000000 PFTA=000000000000008F PFOFF=FFFFFFFF80016FA0
P10_RING3_COMMIT
P10_CR3_SWITCH
P10_RING3_ENTER
rY[IRQ][SCH]
P12[[AYKEN_PERF_MB_EXTRACT_RAW]] epoch=3 candidate_pid=2 owner_last_epoch=3 ticks=27800439364 tick_valid=2
[[AYKEN_PERF_MB_EXTRACT_REASON]] name=epoch_stale ticks=27800659800 tick_valid=2
[[AYKEN_PERF_MB_PATH]] name=fallback phase=enter ticks=27800930968 tick_valid=2
[[AYKEN_PERF_MB_PATH]] name=fallback phase=exit ticks=27801099028 tick_valid=2
[[AYKEN_PERF_MB_REASON]] name=no_candidate ticks=27801261040 tick_valid=2
N12
MARK:PID=2
MARK:SW=U>U
MARK:IRET
P10_TEXT_ROOT_PROOF AC=00000000047A7000 KC=0000000005F87000 TC=00000000047A7000 RC=00000000047A7000 RIP=0000000000400037 AP=0000000000400103 TP=00000000047A1027
P10_ROOT_FRAME_WITNESS phase=pre_dispatch root=00000000047A7000 pte=0000000000000000 phys=00000000047A7000 used=1 lo=00000000047A0027 hi=0000000000000000 hash=6B7F8C95757869EF
P10_TEXT_FRAME_WITNESS phase=pre_dispatch root=00000000047A7000 pte=00000000047A1027 phys=00000000047A1000 used=1 lo=4800700000C3C748 hi=8948C0FF4808438B hash=3B68EAFA86874C6F
WTX4 R=00000000047A7000 V=0000000000400037 I=0000000000000000 TP=00000000047A7000 EP=00000000047A7000 E=00000000047A0027 CF=00000000047A0000 4P=1 4W=1 4U=1 4N=0 4G=0 4H=0 4A=1 4D=0 4R=0 4X=1 4L=0
WTX3 R=00000000047A7000 V=0000000000400037 I=0000000000000000 TP=00000000047A0000 EP=00000000047A0000 E=000000000479F027 CF=000000000479F000 3P=1 3W=1 3U=1 3N=0 3G=0 3H=0 3A=1 3D=0 3R=0 3X=1 3L=0
WTX2 R=00000000047A7000 V=0000000000400037 I=0000000000000002 TP=000000000479F000 EP=000000000479F000 E=000000000479E027 CF=000000000479E000 2P=1 2W=1 2U=1 2N=0 2G=0 2H=0 2A=1 2D=0 2R=0 2X=1 2L=0
WTX1 R=00000000047A7000 V=0000000000400037 I=0000000000000000 TP=000000000479E000 EP=000000000479E000 E=00000000047A1027 CF=00000000047A1000 1P=1 1W=1 1U=1 1N=0 1G=0 1H=0 1A=1 1D=0 1R=0 1X=1 1L=1
WTXP V=0000000000400037 EQ=0 KE=0000000000400103 KF=0000000000400000 KP=1 KW=1 KU=0 KN=0 KG=1 KH=0 KA=0 KD=0 KR=0 KX=1 KL=1 TE=00000000047A1027 TF=00000000047A1000 TP=1 TW=1 TU=1 TN=0 TG=0 TH=0 TA=1 TD=0 TR=0 TX=1 TL=1
P10_RING3_ATTEMPT
P10_RFLAGS_IF_ON
P10_RING3_FRAME_PROOF FRSP=FFFFFFFF82005C38 RIP=0000000000400037 CS=0000000000000023 RF=0000000000000246 RSP=00000000007FFFB8 SS=000000000000001B BYTES=370040000000000023000000000000004602000000000000B8FF7F00000000001B00000000000000
P10_RING3_GATE_PROOF TR=0028 CTX0=FFFFFFFF82005C60 TSS0=FFFFFFFF82005C60 FCS=0000000000000023 FSS=000000000000001B IDTB=FFFFFFFF800E9FC0 IDTL=0000000000000FFF GPSEL=0008 GPIST=0000000000000000 GPTA=000000000000008F GPOFF=FFFFFFFF80016EF0 PFSEL=0008 PFIST=0000000000000000 PFTA=000000000000008F PFOFF=FFFFFFFF80016FA0
P10_RING3_COMMIT
P10_CR3_SWITCH
P10_RING3_ENTER
TrY[IRQ][SCH]
P12[[AYKEN_PERF_MB_EXTRACT_RAW]] epoch=3 candidate_pid=2 owner_last_epoch=3 ticks=27806806242 tick_valid=2
[[AYKEN_PERF_MB_EXTRACT_REASON]] name=epoch_stale ticks=27807026286 tick_valid=2
[[AYKEN_PERF_MB_PATH]] name=fallback phase=enter ticks=27807196294 tick_valid=2
[[AYKEN_PERF_MB_PATH]] name=fallback phase=exit ticks=27807363632 tick_valid=2
[[AYKEN_PERF_MB_REASON]] name=no_candidate ticks=27807525842 tick_valid=2
N12
MARK:PID=2
MARK:SW=U>U
MARK:IRET
P10_TEXT_ROOT_PROOF AC=00000000047A7000 KC=0000000005F87000 TC=00000000047A7000 RC=00000000047A7000 RIP=0000000000400037 AP=0000000000400103 TP=00000000047A1027
P10_ROOT_FRAME_WITNESS phase=pre_dispatch root=00000000047A7000 pte=0000000000000000 phys=00000000047A7000 used=1 lo=00000000047A0027 hi=0000000000000000 hash=6B7F8C95757869EF
P10_TEXT_FRAME_WITNESS phase=pre_dispatch root=00000000047A7000 pte=00000000047A1027 phys=00000000047A1000 used=1 lo=4800700000C3C748 hi=8948C0FF4808438B hash=3B68EAFA86874C6F
WTX4 R=00000000047A7000 V=0000000000400037 I=0000000000000000 TP=00000000047A7000 EP=00000000047A7000 E=00000000047A0027 CF=00000000047A0000 4P=1 4W=1 4U=1 4N=0 4G=0 4H=0 4A=1 4D=0 4R=0 4X=1 4L=0
WTX3 R=00000000047A7000 V=0000000000400037 I=0000000000000000 TP=00000000047A0000 EP=00000000047A0000 E=000000000479F027 CF=000000000479F000 3P=1 3W=1 3U=1 3N=0 3G=0 3H=0 3A=1 3D=0 3R=0 3X=1 3L=0
WTX2 R=00000000047A7000 V=0000000000400037 I=0000000000000002 TP=000000000479F000 EP=000000000479F000 E=000000000479E027 CF=000000000479E000 2P=1 2W=1 2U=1 2N=0 2G=0 2H=0 2A=1 2D=0 2R=0 2X=1 2L=0
WTX1 R=00000000047A7000 V=0000000000400037 I=0000000000000000 TP=000000000479E000 EP=000000000479E000 E=00000000047A1027 CF=00000000047A1000 1P=1 1W=1 1U=1 1N=0 1G=0 1H=0 1A=1 1D=0 1R=0 1X=1 1L=1
WTXP V=0000000000400037 EQ=0 KE=0000000000400103 KF=0000000000400000 KP=1 KW=1 KU=0 KN=0 KG=1 KH=0 KA=0 KD=0 KR=0 KX=1 KL=1 TE=00000000047A1027 TF=00000000047A1000 TP=1 TW=1 TU=1 TN=0 TG=0 TH=0 TA=1 TD=0 TR=0 TX=1 TL=1
P10_RING3_ATTEMPT
P10_RFLAGS_IF_ON
P10_RING3_FRAME_PROOF FRSP=FFFFFFFF82005C38 RIP=0000000000400037 CS=0000000000000023 RF=0000000000000246 RSP=00000000007FFFB8 SS=000000000000001B BYTES=370040000000000023000000000000004602000000000000B8FF7F00000000001B00000000000000
P10_RING3_GATE_PROOF TR=0028 CTX0=FFFFFFFF82005C60 TSS0=FFFFFFFF82005C60 FCS=0000000000000023 FSS=000000000000001B IDTB=FFFFFFFF800E9FC0 IDTL=0000000000000FFF GPSEL=0008 GPIST=0000000000000000 GPTA=000000000000008F GPOFF=FFFFFFFF80016EF0 PFSEL=0008 PFIST=0000000000000000 PFTA=000000000000008F PFOFF=FFFFFFFF80016FA0
P10_RING3_COMMIT
P10_CR3_SWITCH
P10_RING3_ENTER
rY[IRQ][SCH]
P12[[AYKEN_PERF_MB_EXTRACT_RAW]] epoch=3 candidate_pid=2 owner_last_epoch=3 ticks=27813061846 tick_valid=2
[[AYKEN_PERF_MB_EXTRACT_REASON]] name=epoch_stale ticks=27813281934 tick_valid=2
[[AYKEN_PERF_MB_PATH]] name=fallback phase=enter ticks=27813541592 tick_valid=2
[[AYKEN_PERF_MB_PATH]] name=fallback phase=exit ticks=27813708886 tick_valid=2
[[AYKEN_PERF_MB_REASON]] name=no_candidate ticks=27813870568 tick_valid=2
N12
MARK:PID=2
MARK:SW=U>U
MARK:IRET
P10_TEXT_ROOT_PROOF AC=00000000047A7000 KC=0000000005F87000 TC=00000000047A7000 RC=00000000047A7000 RIP=0000000000400037 AP=0000000000400103 TP=00000000047A1027
P10_ROOT_FRAME_WITNESS phase=pre_dispatch root=00000000047A7000 pte=0000000000000000 phys=00000000047A7000 used=1 lo=00000000047A0027 hi=0000000000000000 hash=6B7F8C95757869EF
P10_TEXT_FRAME_WITNESS phase=pre_dispatch root=00000000047A7000 pte=00000000047A1027 phys=00000000047A1000 used=1 lo=4800700000C3C748 hi=8948C0FF4808438B hash=3B68EAFA86874C6F
WTX4 R=00000000047A7000 V=0000000000400037 I=0000000000000000 TP=00000000047A7000 EP=00000000047A7000 E=00000000047A0027 CF=00000000047A0000 4P=1 4W=1 4U=1 4N=0 4G=0 4H=0 4A=1 4D=0 4R=0 4X=1 4L=0
WTX3 R=00000000047A7000 V=0000000000400037 I=0000000000000000 TP=00000000047A0000 EP=00000000047A0000 E=000000000479F027 CF=000000000479F000 3P=1 3W=1 3U=1 3N=0 3G=0 3H=0 3A=1 3D=0 3R=0 3X=1 3L=0
WTX2 R=00000000047A7000 V=0000000000400037 I=0000000000000002 TP=000000000479F000 EP=000000000479F000 E=000000000479E027 CF=000000000479E000 2P=1 2W=1 2U=1 2N=0 2G=0 2H=0 2A=1 2D=0 2R=0 2X=1 2L=0
WTX1 R=00000000047A7000 V=0000000000400037 I=0000000000000000 TP=000000000479E000 EP=000000000479E000 E=00000000047A1027 CF=00000000047A1000 1P=1 1W=1 1U=1 1N=0 1G=0 1H=0 1A=1 1D=0 1R=0 1X=1 1L=1
WTXP V=0000000000400037 EQ=0 KE=0000000000400103 KF=0000000000400000 KP=1 KW=1 KU=0 KN=0 KG=1 KH=0 KA=0 KD=0 KR=0 KX=1 KL=1 TE=00000000047A1027 TF=00000000047A1000 TP=1 TW=1 TU=1 TN=0 TG=0 TH=0 TA=1 TD=0 TR=0 TX=1 TL=1
P10_RING3_ATTEMPT
P10_RFLAGS_IF_ON
P10_RING3_FRAME_PROOF FRSP=FFFFFFFF82005C38 RIP=0000000000400037 CS=0000000000000023 RF=0000000000000246 RSP=00000000007FFFB8 SS=000000000000001B BYTES=370040000000000023000000000000004602000000000000B8FF7F00000000001B00000000000000
P10_RING3_GATE_PROOF TR=0028 CTX0=FFFFFFFF82005C60 TSS0=FFFFFFFF82005C60 FCS=0000000000000023 FSS=000000000000001B IDTB=FFFFFFFF800E9FC0 IDTL=0000000000000FFF GPSEL=0008 GPIST=0000000000000000 GPTA=000000000000008F GPOFF=FFFFFFFF80016EF0 PFSEL=0008 PFIST=0000000000000000 PFTA=000000000000008F PFOFF=FFFFFFFF80016FA0
P10_RING3_COMMIT
P10_CR3_SWITCH
P10_RING3_ENTER
TrY[IRQ][SCH]
P12[[AYKEN_PERF_MB_EXTRACT_RAW]] epoch=3 candidate_pid=2 owner_last_epoch=3 ticks=27819479696 tick_valid=2
[[AYKEN_PERF_MB_EXTRACT_REASON]] name=epoch_stale ticks=27819699954 tick_valid=2
[[AYKEN_PERF_MB_PATH]] name=fallback phase=enter ticks=27819870324 tick_valid=2
[[AYKEN_PERF_MB_PATH]] name=fallback phase=exit ticks=27820037888 tick_valid=2
[[AYKEN_PERF_MB_REASON]] name=no_candidate ticks=27820200672 tick_valid=2
N12
MARK:PID=2
MARK:SW=U>U
MARK:IRET
P10_TEXT_ROOT_PROOF AC=00000000047A7000 KC=0000000005F87000 TC=00000000047A7000 RC=00000000047A7000 RIP=0000000000400037 AP=0000000000400103 TP=00000000047A1027
P10_ROOT_FRAME_WITNESS phase=pre_dispatch root=00000000047A7000 pte=0000000000000000 phys=00000000047A7000 used=1 lo=00000000047A0027 hi=0000000000000000 hash=6B7F8C95757869EF
P10_TEXT_FRAME_WITNESS phase=pre_dispatch root=00000000047A7000 pte=00000000047A1027 phys=00000000047A1000 used=1 lo=4800700000C3C748 hi=8948C0FF4808438B hash=3B68EAFA86874C6F
WTX4 R=00000000047A7000 V=0000000000400037 I=0000000000000000 TP=00000000047A7000 EP=00000000047A7000 E=00000000047A0027 CF=00000000047A0000 4P=1 4W=1 4U=1 4N=0 4G=0 4H=0 4A=1 4D=0 4R=0 4X=1 4L=0
WTX3 R=00000000047A7000 V=0000000000400037 I=0000000000000000 TP=00000000047A0000 EP=00000000047A0000 E=000000000479F027 CF=000000000479F000 3P=1 3W=1 3U=1 3N=0 3G=0 3H=0 3A=1 3D=0 3R=0 3X=1 3L=0
WTX2 R=00000000047A7000 V=0000000000400037 I=0000000000000002 TP=000000000479F000 EP=000000000479F000 E=000000000479E027 CF=000000000479E000 2P=1 2W=1 2U=1 2N=0 2G=0 2H=0 2A=1 2D=0 2R=0 2X=1 2L=0
WTX1 R=00000000047A7000 V=0000000000400037 I=0000000000000000 TP=000000000479E000 EP=000000000479E000 E=00000000047A1027 CF=00000000047A1000 1P=1 1W=1 1U=1 1N=0 1G=0 1H=0 1A=1 1D=0 1R=0 1X=1 1L=1
WTXP V=0000000000400037 EQ=0 KE=0000000000400103 KF=0000000000400000 KP=1 KW=1 KU=0 KN=0 KG=1 KH=0 KA=0 KD=0 KR=0 KX=1 KL=1 TE=00000000047A1027 TF=00000000047A1000 TP=1 TW=1 TU=1 TN=0 TG=0 TH=0 TA=1 TD=0 TR=0 TX=1 TL=1
P10_RING3_ATTEMPT
P10_RFLAGS_IF_ON
P10_RING3_FRAME_PROOF FRSP=FFFFFFFF82005C38 RIP=0000000000400037 CS=0000000000000023 RF=0000000000000246 RSP=00000000007FFFB8 SS=000000000000001B BYTES=370040000000000023000000000000004602000000000000B8FF7F00000000001B00000000000000
P10_RING3_GATE_PROOF TR=0028 CTX0=FFFFFFFF82005C60 TSS0=FFFFFFFF82005C60 FCS=0000000000000023 FSS=000000000000001B IDTB=FFFFFFFF800E9FC0 IDTL=0000000000000FFF GPSEL=0008 GPIST=0000000000000000 GPTA=000000000000008F GPOFF=FFFFFFFF80016EF0 PFSEL=0008 PFIST=0000000000000000 PFTA=000000000000008F PFOFF=FFFFFFFF80016FA0
P10_RING3_COMMIT
P10_CR3_SWITCH
P10_RING3_ENTER
rY[IRQ][SCH]
P12[[AYKEN_PERF_MB_EXTRACT_RAW]] epoch=3 candidate_pid=2 owner_last_epoch=3 ticks=27825826822 tick_valid=2
[[AYKEN_PERF_MB_EXTRACT_REASON]] name=epoch_stale ticks=27826193904 tick_valid=2
[[AYKEN_PERF_MB_PATH]] name=fallback phase=enter ticks=27826364816 tick_valid=2
[[AYKEN_PERF_MB_PATH]] name=fallback phase=exit ticks=27826532580 tick_valid=2
[[AYKEN_PERF_MB_REASON]] name=no_candidate ticks=27826694866 tick_valid=2
N12
MARK:PID=2
MARK:SW=U>U
MARK:IRET
P10_TEXT_ROOT_PROOF AC=00000000047A7000 KC=0000000005F87000 TC=00000000047A7000 RC=00000000047A7000 RIP=0000000000400037 AP=0000000000400103 TP=00000000047A1027
P10_ROOT_FRAME_WITNESS phase=pre_dispatch root=00000000047A7000 pte=0000000000000000 phys=00000000047A7000 used=1 lo=00000000047A0027 hi=0000000000000000 hash=6B7F8C95757869EF
P10_TEXT_FRAME_WITNESS phase=pre_dispatch root=00000000047A7000 pte=00000000047A1027 phys=00000000047A1000 used=1 lo=4800700000C3C748 hi=8948C0FF4808438B hash=3B68EAFA86874C6F
WTX4 R=00000000047A7000 V=0000000000400037 I=0000000000000000 TP=00000000047A7000 EP=00000000047A7000 E=00000000047A0027 CF=00000000047A0000 4P=1 4W=1 4U=1 4N=0 4G=0 4H=0 4A=1 4D=0 4R=0 4X=1 4L=0
WTX3 R=00000000047A7000 V=0000000000400037 I=0000000000000000 TP=00000000047A0000 EP=00000000047A0000 E=000000000479F027 CF=000000000479F000 3P=1 3W=1 3U=1 3N=0 3G=0 3H=0 3A=1 3D=0 3R=0 3X=1 3L=0
WTX2 R=00000000047A7000 V=0000000000400037 I=0000000000000002 TP=000000000479F000 EP=000000000479F000 E=000000000479E027 CF=000000000479E000 2P=1 2W=1 2U=1 2N=0 2G=0 2H=0 2A=1 2D=0 2R=0 2X=1 2L=0
WTX1 R=00000000047A7000 V=0000000000400037 I=0000000000000000 TP=000000000479E000 EP=000000000479E000 E=00000000047A1027 CF=00000000047A1000 1P=1 1W=1 1U=1 1N=0 1G=0 1H=0 1A=1 1D=0 1R=0 1X=1 1L=1
WTXP V=0000000000400037 EQ=0 KE=0000000000400103 KF=0000000000400000 KP=1 KW=1 KU=0 KN=0 KG=1 KH=0 KA=0 KD=0 KR=0 KX=1 KL=1 TE=00000000047A1027 TF=00000000047A1000 TP=1 TW=1 TU=1 TN=0 TG=0 TH=0 TA=1 TD=0 TR=0 TX=1 TL=1
P10_RING3_ATTEMPT
P10_RFLAGS_IF_ON
P10_RING3_FRAME_PROOF FRSP=FFFFFFFF82005C38 RIP=0000000000400037 CS=0000000000000023 RF=0000000000000246 RSP=00000000007FFFB8 SS=000000000000001B BYTES=370040000000000023000000000000004602000000000000B8FF7F00000000001B00000000000000
P10_RING3_GATE_PROOF TR=0028 CTX0=FFFFFFFF82005C60 TSS0=FFFFFFFF82005C60 FCS=0000000000000023 FSS=000000000000001B IDTB=FFFFFFFF800E9FC0 IDTL=0000000000000FFF GPSEL=0008 GPIST=0000000000000000 GPTA=000000000000008F GPOFF=FFFFFFFF80016EF0 PFSEL=0008 PFIST=0000000000000000 PFTA=000000000000008F PFOFF=FFFFFFFF80016FA0
P10_RING3_COMMIT
P10_CR3_SWITCH
P10_RING3_ENTER
TrY[IRQ][SCH]
P12[[AYKEN_PERF_MB_EXTRACT_RAW]] epoch=3 candidate_pid=2 owner_last_epoch=3 ticks=27832504570 tick_valid=2
[[AYKEN_PERF_MB_EXTRACT_REASON]] name=epoch_stale ticks=27832727470 tick_valid=2
[[AYKEN_PERF_MB_PATH]] name=fallback phase=enter ticks=27832944530 tick_valid=2
[[AYKEN_PERF_MB_PATH]] name=fallback phase=exit ticks=27833165074 tick_valid=2
[[AYKEN_PERF_MB_REASON]] name=no_candidate ticks=27833328584 tick_valid=2
N12
MARK:PID=2
MARK:SW=U>U
MARK:IRET
P10_TEXT_ROOT_PROOF AC=00000000047A7000 KC=0000000005F87000 TC=00000000047A7000 RC=00000000047A7000 RIP=0000000000400037 AP=0000000000400103 TP=00000000047A1027
P10_ROOT_FRAME_WITNESS phase=pre_dispatch root=00000000047A7000 pte=0000000000000000 phys=00000000047A7000 used=1 lo=00000000047A0027 hi=0000000000000000 hash=6B7F8C95757869EF
P10_TEXT_FRAME_WITNESS phase=pre_dispatch root=00000000047A7000 pte=00000000047A1027 phys=00000000047A1000 used=1 lo=4800700000C3C748 hi=8948C0FF4808438B hash=3B68EAFA86874C6F
WTX4 R=00000000047A7000 V=0000000000400037 I=0000000000000000 TP=00000000047A7000 EP=00000000047A7000 E=00000000047A0027 CF=00000000047A0000 4P=1 4W=1 4U=1 4N=0 4G=0 4H=0 4A=1 4D=0 4R=0 4X=1 4L=0
WTX3 R=00000000047A7000 V=0000000000400037 I=0000000000000000 TP=00000000047A0000 EP=00000000047A0000 E=000000000479F027 CF=000000000479F000 3P=1 3W=1 3U=1 3N=0 3G=0 3H=0 3A=1 3D=0 3R=0 3X=1 3L=0
WTX2 R=00000000047A7000 V=0000000000400037 I=0000000000000002 TP=000000000479F000 EP=000000000479F000 E=000000000479E027 CF=000000000479E000 2P=1 2W=1 2U=1 2N=0 2G=0 2H=0 2A=1 2D=0 2R=0 2X=1 2L=0
WTX1 R=00000000047A7000 V=0000000000400037 I=0000000000000000 TP=000000000479E000 EP=