=== Preempt log sources ===
debugcon bytes: 174617
serial   bytes: 3312
=== Preempt assertion summary ===
STRICT_MARKERS    : 1
QEMU exit rc      : 1
QEMU timeout hit  : 0
Proof marker seen : 1
Observed user mode: syscall-v2-runtime
Observed bootstrap: 1
Observed selftest : 0
Observed det-exit : 1
Observed entry guard: 1
MARK PID2 entries : 61
MARK PID3 entries : 0
MARK alternations : 0
MARK SW count     : 61
MARK IRET count   : 61
PID2 entries      : 75
PID3 entries      : 0
Alternations (2<->3): 0
[SW|MARK:SW] count: 61
[SW]U>U count     : 0
[IRET markers] count: 61
[SEL][IDLE] count : 0
AB stream length  : 5229
AB alternations   : 1595
AB max run        : 3
AB max run alts   : 1
WARN (strict): MARK:PID alternation signal missing; owner-only runtime accepted.
  Observed owner-only cadence with valid MARK switch markers.
=== Preempt log tail ===
P10_CR3_SWITCH
P10_RING3_ENTER
rY[IRQ][SCH]
P12[[AYKEN_PERF_MB_EXTRACT_RAW]] epoch=3 candidate_pid=2 owner_last_epoch=3 ticks=27489398534 tick_valid=2
[[AYKEN_PERF_MB_EXTRACT_REASON]] name=epoch_stale ticks=27489839286 tick_valid=2
[[AYKEN_PERF_MB_PATH]] name=fallback phase=enter ticks=27490181966 tick_valid=2
[[AYKEN_PERF_MB_PATH]] name=fallback phase=exit ticks=27490610134 tick_valid=2
[[AYKEN_PERF_MB_REASON]] name=no_candidate ticks=27491096230 tick_valid=2
N12
MARK:PID=2
MARK:SW=U>U
MARK:IRET
P10_TEXT_ROOT_PROOF AC=000000000C6A3000 KC=000000000DE83000 TC=000000000C6A3000 RC=000000000C6A3000 RIP=0000000000400037 AP=0000000000400103 TP=000000000C69D027
P10_ROOT_FRAME_WITNESS phase=pre_dispatch root=000000000C6A3000 pte=0000000000000000 phys=000000000C6A3000 used=1 lo=000000000C69C027 hi=0000000000000000 hash=AB3F4A62FAEF25FC
P10_TEXT_FRAME_WITNESS phase=pre_dispatch root=000000000C6A3000 pte=000000000C69D027 phys=000000000C69D000 used=1 lo=4800700000C3C748 hi=8948C0FF4808438B hash=3B68EAFA86874C6F
WTX4 R=000000000C6A3000 V=0000000000400037 I=0000000000000000 TP=000000000C6A3000 EP=000000000C6A3000 E=000000000C69C027 CF=000000000C69C000 4P=1 4W=1 4U=1 4N=0 4G=0 4H=0 4A=1 4D=0 4R=0 4X=1 4L=0
WTX3 R=000000000C6A3000 V=0000000000400037 I=0000000000000000 TP=000000000C69C000 EP=000000000C69C000 E=000000000C69B027 CF=000000000C69B000 3P=1 3W=1 3U=1 3N=0 3G=0 3H=0 3A=1 3D=0 3R=0 3X=1 3L=0
WTX2 R=000000000C6A3000 V=0000000000400037 I=0000000000000002 TP=000000000C69B000 EP=000000000C69B000 E=000000000C69A027 CF=000000000C69A000 2P=1 2W=1 2U=1 2N=0 2G=0 2H=0 2A=1 2D=0 2R=0 2X=1 2L=0
WTX1 R=000000000C6A3000 V=0000000000400037 I=0000000000000000 TP=000000000C69A000 EP=000000000C69A000 E=000000000C69D027 CF=000000000C69D000 1P=1 1W=1 1U=1 1N=0 1G=0 1H=0 1A=1 1D=0 1R=0 1X=1 1L=1
WTXP V=0000000000400037 EQ=0 KE=0000000000400103 KF=0000000000400000 KP=1 KW=1 KU=0 KN=0 KG=1 KH=0 KA=0 KD=0 KR=0 KX=1 KL=1 TE=000000000C69D027 TF=000000000C69D000 TP=1 TW=1 TU=1 TN=0 TG=0 TH=0 TA=1 TD=0 TR=0 TX=1 TL=1
P10_RING3_ATTEMPT
P10_RFLAGS_IF_ON
P10_RING3_FRAME_PROOF FRSP=FFFFFFFF82005C38 RIP=0000000000400037 CS=0000000000000023 RF=0000000000000246 RSP=00000000007FFFB8 SS=000000000000001B BYTES=370040000000000023000000000000004602000000000000B8FF7F00000000001B00000000000000
P10_RING3_GATE_PROOF TR=0028 CTX0=FFFFFFFF82005C60 TSS0=FFFFFFFF82005C60 FCS=0000000000000023 FSS=000000000000001B IDTB=FFFFFFFF800E9FC0 IDTL=0000000000000FFF GPSEL=0008 GPIST=0000000000000000 GPTA=000000000000008F GPOFF=FFFFFFFF80016EF0 PFSEL=0008 PFIST=0000000000000000 PFTA=000000000000008F PFOFF=FFFFFFFF80016FA0
P10_RING3_COMMIT
P10_CR3_SWITCH
P10_RING3_ENTER
TrY[IRQ][SCH]
P12[[AYKEN_PERF_MB_EXTRACT_RAW]] epoch=3 candidate_pid=2 owner_last_epoch=3 ticks=27502334444 tick_valid=2
[[AYKEN_PERF_MB_EXTRACT_REASON]] name=epoch_stale ticks=27502776990 tick_valid=2
[[AYKEN_PERF_MB_PATH]] name=fallback phase=enter ticks=27503120892 tick_valid=2
[[AYKEN_PERF_MB_PATH]] name=fallback phase=exit ticks=27503512868 tick_valid=2
[[AYKEN_PERF_MB_REASON]] name=no_candidate ticks=27503839376 tick_valid=2
N12
MARK:PID=2
MARK:SW=U>U
MARK:IRET
P10_TEXT_ROOT_PROOF AC=000000000C6A3000 KC=000000000DE83000 TC=000000000C6A3000 RC=000000000C6A3000 RIP=0000000000400037 AP=0000000000400103 TP=000000000C69D027
P10_ROOT_FRAME_WITNESS phase=pre_dispatch root=000000000C6A3000 pte=0000000000000000 phys=000000000C6A3000 used=1 lo=000000000C69C027 hi=0000000000000000 hash=AB3F4A62FAEF25FC
P10_TEXT_FRAME_WITNESS phase=pre_dispatch root=000000000C6A3000 pte=000000000C69D027 phys=000000000C69D000 used=1 lo=4800700000C3C748 hi=8948C0FF4808438B hash=3B68EAFA86874C6F
WTX4 R=000000000C6A3000 V=0000000000400037 I=0000000000000000 TP=000000000C6A3000 EP=000000000C6A3000 E=000000000C69C027 CF=000000000C69C000 4P=1 4W=1 4U=1 4N=0 4G=0 4H=0 4A=1 4D=0 4R=0 4X=1 4L=0
WTX3 R=000000000C6A3000 V=0000000000400037 I=0000000000000000 TP=000000000C69C000 EP=000000000C69C000 E=000000000C69B027 CF=000000000C69B000 3P=1 3W=1 3U=1 3N=0 3G=0 3H=0 3A=1 3D=0 3R=0 3X=1 3L=0
WTX2 R=000000000C6A3000 V=0000000000400037 I=0000000000000002 TP=000000000C69B000 EP=000000000C69B000 E=000000000C69A027 CF=000000000C69A000 2P=1 2W=1 2U=1 2N=0 2G=0 2H=0 2A=1 2D=0 2R=0 2X=1 2L=0
WTX1 R=000000000C6A3000 V=0000000000400037 I=0000000000000000 TP=000000000C69A000 EP=000000000C69A000 E=000000000C69D027 CF=000000000C69D000 1P=1 1W=1 1U=1 1N=0 1G=0 1H=0 1A=1 1D=0 1R=0 1X=1 1L=1
WTXP V=0000000000400037 EQ=0 KE=0000000000400103 KF=0000000000400000 KP=1 KW=1 KU=0 KN=0 KG=1 KH=0 KA=0 KD=0 KR=0 KX=1 KL=1 TE=000000000C69D027 TF=000000000C69D000 TP=1 TW=1 TU=1 TN=0 TG=0 TH=0 TA=1 TD=0 TR=0 TX=1 TL=1
P10_RING3_ATTEMPT
P10_RFLAGS_IF_ON
P10_RING3_FRAME_PROOF FRSP=FFFFFFFF82005C38 RIP=0000000000400037 CS=0000000000000023 RF=0000000000000246 RSP=00000000007FFFB8 SS=000000000000001B BYTES=370040000000000023000000000000004602000000000000B8FF7F00000000001B00000000000000
P10_RING3_GATE_PROOF TR=0028 CTX0=FFFFFFFF82005C60 TSS0=FFFFFFFF82005C60 FCS=0000000000000023 FSS=000000000000001B IDTB=FFFFFFFF800E9FC0 IDTL=0000000000000FFF GPSEL=0008 GPIST=0000000000000000 GPTA=000000000000008F GPOFF=FFFFFFFF80016EF0 PFSEL=0008 PFIST=0000000000000000 PFTA=000000000000008F PFOFF=FFFFFFFF80016FA0
P10_RING3_COMMIT
P10_CR3_SWITCH
P10_RING3_ENTER
rY[IRQ][SCH]
P12[[AYKEN_PERF_MB_EXTRACT_RAW]] epoch=3 candidate_pid=2 owner_last_epoch=3 ticks=27514711796 tick_valid=2
[[AYKEN_PERF_MB_EXTRACT_REASON]] name=epoch_stale ticks=27515208838 tick_valid=2
[[AYKEN_PERF_MB_PATH]] name=fallback phase=enter ticks=27515552688 tick_valid=2
[[AYKEN_PERF_MB_PATH]] name=fallback phase=exit ticks=27515891182 tick_valid=2
[[AYKEN_PERF_MB_REASON]] name=no_candidate ticks=27516250450 tick_valid=2
N12
MARK:PID=2
MARK:SW=U>U
MARK:IRET
P10_TEXT_ROOT_PROOF AC=000000000C6A3000 KC=000000000DE83000 TC=000000000C6A3000 RC=000000000C6A3000 RIP=0000000000400037 AP=0000000000400103 TP=000000000C69D027
P10_ROOT_FRAME_WITNESS phase=pre_dispatch root=000000000C6A3000 pte=0000000000000000 phys=000000000C6A3000 used=1 lo=000000000C69C027 hi=0000000000000000 hash=AB3F4A62FAEF25FC
P10_TEXT_FRAME_WITNESS phase=pre_dispatch root=000000000C6A3000 pte=000000000C69D027 phys=000000000C69D000 used=1 lo=4800700000C3C748 hi=8948C0FF4808438B hash=3B68EAFA86874C6F
WTX4 R=000000000C6A3000 V=0000000000400037 I=0000000000000000 TP=000000000C6A3000 EP=000000000C6A3000 E=000000000C69C027 CF=000000000C69C000 4P=1 4W=1 4U=1 4N=0 4G=0 4H=0 4A=1 4D=0 4R=0 4X=1 4L=0
WTX3 R=000000000C6A3000 V=0000000000400037 I=0000000000000000 TP=000000000C69C000 EP=000000000C69C000 E=000000000C69B027 CF=000000000C69B000 3P=1 3W=1 3U=1 3N=0 3G=0 3H=0 3A=1 3D=0 3R=0 3X=1 3L=0
WTX2 R=000000000C6A3000 V=0000000000400037 I=0000000000000002 TP=000000000C69B000 EP=000000000C69B000 E=000000000C69A027 CF=000000000C69A000 2P=1 2W=1 2U=1 2N=0 2G=0 2H=0 2A=1 2D=0 2R=0 2X=1 2L=0
WTX1 R=000000000C6A3000 V=0000000000400037 I=0000000000000000 TP=000000000C69A000 EP=000000000C69A000 E=000000000C69D027 CF=000000000C69D000 1P=1 1W=1 1U=1 1N=0 1G=0 1H=0 1A=1 1D=0 1R=0 1X=1 1L=1
WTXP V=0000000000400037 EQ=0 KE=0000000000400103 KF=0000000000400000 KP=1 KW=1 KU=0 KN=0 KG=1 KH=0 KA=0 KD=0 KR=0 KX=1 KL=1 TE=000000000C69D027 TF=000000000C69D000 TP=1 TW=1 TU=1 TN=0 TG=0 TH=0 TA=1 TD=0 TR=0 TX=1 TL=1
P10_RING3_ATTEMPT
P10_RFLAGS_IF_ON
P10_RING3_FRAME_PROOF FRSP=FFFFFFFF82005C38 RIP=0000000000400037 CS=0000000000000023 RF=0000000000000246 RSP=00000000007FFFB8 SS=000000000000001B BYTES=370040000000000023000000000000004602000000000000B8FF7F00000000001B00000000000000
P10_RING3_GATE_PROOF TR=0028 CTX0=FFFFFFFF82005C60 TSS0=FFFFFFFF82005C60 FCS=0000000000000023 FSS=000000000000001B IDTB=FFFFFFFF800E9FC0 IDTL=0000000000000FFF GPSEL=0008 GPIST=0000000000000000 GPTA=000000000000008F GPOFF=FFFFFFFF80016EF0 PFSEL=0008 PFIST=0000000000000000 PFTA=000000000000008F PFOFF=FFFFFFFF80016FA0
P10_RING3_COMMIT
P10_CR3_SWITCH
P10_RING3_ENTER
TrY[IRQ][SCH]
P12[[AYKEN_PERF_MB_EXTRACT_RAW]] epoch=3 candidate_pid=2 owner_last_epoch=3 ticks=27527027268 tick_valid=2
[[AYKEN_PERF_MB_EXTRACT_REASON]] name=epoch_stale ticks=27527543316 tick_valid=2
[[AYKEN_PERF_MB_PATH]] name=fallback phase=enter ticks=27527925854 tick_valid=2
[[AYKEN_PERF_MB_PATH]] name=fallback phase=exit ticks=27528264712 tick_valid=2
[[AYKEN_PERF_MB_REASON]] name=no_candidate ticks=27528592364 tick_valid=2
N12
MARK:PID=2
MARK:SW=U>U
MARK:IRET
P10_TEXT_ROOT_PROOF AC=000000000C6A3000 KC=000000000DE83000 TC=000000000C6A3000 RC=000000000C6A3000 RIP=0000000000400037 AP=0000000000400103 TP=000000000C69D027
P10_ROOT_FRAME_WITNESS phase=pre_dispatch root=000000000C6A3000 pte=0000000000000000 phys=000000000C6A3000 used=1 lo=000000000C69C027 hi=0000000000000000 hash=AB3F4A62FAEF25FC
P10_TEXT_FRAME_WITNESS phase=pre_dispatch root=000000000C6A3000 pte=000000000C69D027 phys=000000000C69D000 used=1 lo=4800700000C3C748 hi=8948C0FF4808438B hash=3B68EAFA86874C6F
WTX4 R=000000000C6A3000 V=0000000000400037 I=0000000000000000 TP=000000000C6A3000 EP=000000000C6A3000 E=000000000C69C027 CF=000000000C69C000 4P=1 4W=1 4U=1 4N=0 4G=0 4H=0 4A=1 4D=0 4R=0 4X=1 4L=0
WTX3 R=000000000C6A3000 V=0000000000400037 I=0000000000000000 TP=000000000C69C000 EP=000000000C69C000 E=000000000C69B027 CF=000000000C69B000 3P=1 3W=1 3U=1 3N=0 3G=0 3H=0 3A=1 3D=0 3R=0 3X=1 3L=0
WTX2 R=000000000C6A3000 V=0000000000400037 I=0000000000000002 TP=000000000C69B000 EP=000000000C69B000 E=000000000C69A027 CF=000000000C69A000 2P=1 2W=1 2U=1 2N=0 2G=0 2H=0 2A=1 2D=0 2R=0 2X=1 2L=0
WTX1 R=000000000C6A3000 V=0000000000400037 I=0000000000000000 TP=000000000C69A000 EP=000000000C69A000 E=000000000C69D027 CF=000000000C69D000 1P=1 1W=1 1U=1 1N=0 1G=0 1H=0 1A=1 1D=0 1R=0 1X=1 1L=1
WTXP V=0000000000400037 EQ=0 KE=0000000000400103 KF=0000000000400000 KP=1 KW=1 KU=0 KN=0 KG=1 KH=0 KA=0 KD=0 KR=0 KX=1 KL=1 TE=000000000C69D027 TF=000000000C69D000 TP=1 TW=1 TU=1 TN=0 TG=0 TH=0 TA=1 TD=0 TR=0 TX=1 TL=1
P10_RING3_ATTEMPT
P10_RFLAGS_IF_ON
P10_RING3_FRAME_PROOF FRSP=FFFFFFFF82005C38 RIP=0000000000400037 CS=0000000000000023 RF=0000000000000246 RSP=00000000007FFFB8 SS=000000000000001B BYTES=370040000000000023000000000000004602000000000000B8FF7F00000000001B00000000000000
P10_RING3_GATE_PROOF TR=0028 CTX0=FFFFFFFF82005C60 TSS0=FFFFFFFF82005C60 FCS=0000000000000023 FSS=000000000000001B IDTB=FFFFFFFF800E9FC0 IDTL=0000000000000FFF GPSEL=0008 GPIST=0000000000000000 GPTA=000000000000008F GPOFF=FFFFFFFF80016EF0 PFSEL=0008 PFIST=0000000000000000 PFTA=000000000000008F PFOFF=FFFFFFFF80016FA0
P10_RING3_COMMIT
P10_CR3_SWITCH
P10_RING3_ENTER
[[AYKEN_PROOF_DONE]]
[2J[01;01H[=3h[2J[01;01H[2J[01;01H[=3h[2J[01;01H[2J[01;01H[=3h[2J[01;01HWARNING: Pseudo Random Number Generator in use - Pixiefail CVE not mitigated!
BdsDxe: loading Boot0006 "EFI Internal Shell" from Fv(7CB8BDC9-F8EB-4F34-AAEA-3EE4AF6516A1)/FvFile(7C04A583-9E3E-4F1C-AD65-E05268D0B4D1)
BdsDxe: starting Boot0006 "EFI Internal Shell" from Fv(7CB8BDC9-F8EB-4F34-AAEA-3EE4AF6516A1)/FvFile(7C04A583-9E3E-4F1C-AD65-E05268D0B4D1)
[2J[01;01H[01;01HUEFI Interactive Shell v2.2
EDK II
UEFI v2.70 (EDK II, 0x00010000)
[1m[33m[40mMapping table[0m[37m[40m
[1m[33m[40m      FS0:[0m[37m[40m [1m[37m[40mAlias(s):[0m[37m[40mF0a65535a:;BLK0:
          PciRoot(0x0)/Pci(0x1F,0x2)/Sata(0x0,0xFFFF,0x0)
[1m[33m[40m     BLK1:[0m[37m[40m [1m[37m[40mAlias(s):[0m[37m[40m
          PciRoot(0x0)/Pci(0x1F,0x2)/Sata(0x2,0xFFFF,0x0)
[09;01HPress [1m[37m[40mESC[0m[37m[40m in 5 seconds to skip [1m[33m[40mstartup.nsh[0m[37m[40m or any other key to continue.[09;01HPress [1m[37m[40mESC[0m[37m[40m in 4 seconds to skip [1m[33m[40mstartup.nsh[0m[37m[40m or any other key to continue.[09;01HPress [1m[37m[40mESC[0m[37m[40m in 3 seconds to skip [1m[33m[40mstartup.nsh[0m[37m[40m or any other key to continue.[09;01HPress [1m[37m[40mESC[0m[37m[40m in 2 seconds to skip [1m[33m[40mstartup.nsh[0m[37m[40m or any other key to continue.[09;01HPress [1m[37m[40mESC[0m[37m[40m in 1 seconds to skip [1m[33m[40mstartup.nsh[0m[37m[40m or any other key to continue.
[1m[33m[40mShell> [0m[37m[40mfs0:
[1m[33m[40mFS0:\> [0m[37m[40m\EFI\BOOT\BOOTX64.EFI
SERIAL_OK
KERNEL_BOOT_START
[MARKER] [MARKER] [MARKER] [MARKER] [MARKER] [MARKER] 000000000000C6A4[MARKER] [MARKER] 000000000000C604[MARKER] [MARKER] [MARKER] [MARKER] [MARKER] 000000000DE83000[MARKER] [MARKER] [MARKER] [MARKER] [MARKER] [MARKER] [MARKER] FFFFFFFF82000000[MARKER] [MARKER] 000000000DE83000[MARKER] [MARKER] 000000000DE83000[MARKER] [MARKER] 000000000DA89023[MARKER] [MARKER] 000000000DA88023[MARKER] [MARKER] 000000000DA85003[MARKER] [MARKER] 000000000DA86103[MARKER] [MARKER] [MARKER] [MARKER] [MARKER] FFFFFFFF82000000[MARKER] [MARKER] 000000000DE83000[MARKER] [MARKER] 000000000DE83000[MARKER] [MARKER] 000000000DA89023[MARKER] [MARKER] 000000000DA88023[MARKER] [MARKER] 000000000DA85003[MARKER] [MARKER] 000000000DA86103[MARKER] [MARKER] [MARKER] FFFFFFFF82000000[MARKER] [MARKER] 00000000003FFFE8[MARKER] [MARKER] [MARKER] [MARKER] [MARKER] [MARKER] [MARKER] [MARKER] [MARKER] [MARKER] [MARKER] [MARKER] [MARKER] [MARKER] [MARKER] [MARKER] [MARKER] [MARKER] [MARKER] [MARKER] [MARKER] [MARKER] [MARKER] [MARKER] [MARKER] [MARKER] FFFFFFFF8000061E[MARKER] [MARKER] [MARKER] 0000000000000008[MARKER] [MARKER] 00000000000000EE[MARKER] [MARKER] FFFFFFFF8000061E[MARKER] [MARKER] [MARKER] [MARKER] [MARKER] [MARKER] [MARKER] 1[MARKER] [MARKER] FFFFFFFF80000410[MARKER] [MARKER] FFFFFFFF82002E28[MARKER] [MARKER] 0000000000000008[MARKER] [MARKER] [MARKER] [MARKER] [MARKER] [MARKER] [MARKER] [MARKER] [MARKER] [MARKER] [MARKER] [MARKER] [MARKER] [MARKER] [MARKER] [MARKER] [MARKER] [MARKER] [MARKER] [MARKER] [MARKER] [MARKER] [MARKER] 000000000C6A3000[MARKER] [MARKER] 000000000C6A3000[MARKER] [MARKER] [MARKER] [MARKER] [MARKER] [MARKER] [MARKER] 